// Vitest Snapshot v1, https://vitest.dev/guide/snapshot.html

exports[`should render word limit correctly when modelValue is undefined 1`] = `"<van-field maxlength=\\"3\\" showwordlimit=\\"true\\" modelvalue=\\"\\" placeholder=\\"请输入\\" label-width=\\"90\\" data-v-0ce8b691=\\"\\"></van-field>"`;
